﻿[{"$type":"ServiceControl.Plugin.Heartbeat.Messages.RegisterEndpointStartup, ServiceControl","HostId":"00000000-0000-0000-0000-000000000000","Endpoint":"My.Endpoint","StartedAt":"2016-02-01T13:59:00","HostProperties":{"key1":"value1","key2":"value2"},"HostDisplayName":"Display name :-)","Host":"Host"}]