{"ExecutedAt":"2016-02-01T13:59:00","EndpointName":"My.Endpoint","HostId":"00000000-0000-0000-0000-000000000000","Host":"Host"}